# a feature map file
# dataset: adult
NF: 65
Type:
discrete,discrete,discrete,discrete,discrete,discrete,discrete,discrete,discrete,discrete,discrete,discrete,discrete,discrete,discrete,discrete,discrete,discrete,discrete,discrete,discrete,discrete,discrete,discrete,discrete,discrete,discrete,discrete,discrete,discrete,discrete,discrete,discrete,discrete,discrete,discrete,discrete,discrete,discrete,discrete,discrete,discrete,discrete,discrete,discrete,discrete,discrete,discrete,discrete,discrete,discrete,discrete,discrete,discrete,discrete,discrete,discrete,discrete,discrete,discrete,discrete,discrete,discrete,discrete,discrete
Map:
Age_0:=1:1
Age_0:=0:-1
Age_1:=1:2
Age_1:=0:-2
Age_2:=1:3
Age_2:=0:-3
Age_3:=1:4
Age_3:=0:-4
Workclass_0:=1:5
Workclass_0:=0:-5
Workclass_1:=1:6
Workclass_1:=0:-6
Workclass_2:=1:7
Workclass_2:=0:-7
Workclass_3:=1:8
Workclass_3:=0:-8
Workclass_4:=1:9
Workclass_4:=0:-9
Workclass_5:=1:10
Workclass_5:=0:-10
Workclass_6:=1:11
Workclass_6:=0:-11
Workclass_7:=1:12
Workclass_7:=0:-12
Workclass_8:=1:13
Workclass_8:=0:-13
Education_0:=1:14
Education_0:=0:-14
Education_1:=1:15
Education_1:=0:-15
Education_2:=1:16
Education_2:=0:-16
Education_3:=1:17
Education_3:=0:-17
Education_4:=1:18
Education_4:=0:-18
Education_5:=1:19
Education_5:=0:-19
Education_6:=1:20
Education_6:=0:-20
Marital Status_0:=1:21
Marital Status_0:=0:-21
Marital Status_1:=1:22
Marital Status_1:=0:-22
Marital Status_2:=1:23
Marital Status_2:=0:-23
Marital Status_3:=1:24
Marital Status_3:=0:-24
Occupation_0:=1:25
Occupation_0:=0:-25
Occupation_1:=1:26
Occupation_1:=0:-26
Occupation_2:=1:27
Occupation_2:=0:-27
Occupation_3:=1:28
Occupation_3:=0:-28
Occupation_4:=1:29
Occupation_4:=0:-29
Occupation_5:=1:30
Occupation_5:=0:-30
Occupation_6:=1:31
Occupation_6:=0:-31
Occupation_7:=1:32
Occupation_7:=0:-32
Occupation_8:=1:33
Occupation_8:=0:-33
Relationship_0:=1:34
Relationship_0:=0:-34
Relationship_1:=1:35
Relationship_1:=0:-35
Relationship_2:=1:36
Relationship_2:=0:-36
Relationship_3:=1:37
Relationship_3:=0:-37
Relationship_4:=1:38
Relationship_4:=0:-38
Relationship_5:=1:39
Relationship_5:=0:-39
Race_0:=1:40
Race_0:=0:-40
Race_1:=1:41
Race_1:=0:-41
Race_2:=1:42
Race_2:=0:-42
Race_3:=1:43
Race_3:=0:-43
Race_4:=1:44
Race_4:=0:-44
Sex_1:=1:45
Sex_1:=0:-45
Capital Gain_0:=1:46
Capital Gain_0:=0:-46
Capital Gain_1:=1:47
Capital Gain_1:=0:-47
Capital Gain_2:=1:48
Capital Gain_2:=0:-48
Capital Loss_0:=1:49
Capital Loss_0:=0:-49
Capital Loss_1:=1:50
Capital Loss_1:=0:-50
Capital Loss_2:=1:51
Capital Loss_2:=0:-51
Hours per week_0:=1:52
Hours per week_0:=0:-52
Hours per week_1:=1:53
Hours per week_1:=0:-53
Hours per week_2:=1:54
Hours per week_2:=0:-54
Country_0:=1:55
Country_0:=0:-55
Country_1:=1:56
Country_1:=0:-56
Country_2:=1:57
Country_2:=0:-57
Country_3:=1:58
Country_3:=0:-58
Country_4:=1:59
Country_4:=0:-59
Country_5:=1:60
Country_5:=0:-60
Country_6:=1:61
Country_6:=0:-61
Country_7:=1:62
Country_7:=0:-62
Country_8:=1:63
Country_8:=0:-63
Country_9:=1:64
Country_9:=0:-64
Country_10:=1:65
Country_10:=0:-65