# a feature map file
# dataset: vote
NF: 48
Type:
discrete,discrete,discrete,discrete,discrete,discrete,discrete,discrete,discrete,discrete,discrete,discrete,discrete,discrete,discrete,discrete,discrete,discrete,discrete,discrete,discrete,discrete,discrete,discrete,discrete,discrete,discrete,discrete,discrete,discrete,discrete,discrete,discrete,discrete,discrete,discrete,discrete,discrete,discrete,discrete,discrete,discrete,discrete,discrete,discrete,discrete,discrete,discrete
Map:
handicapped infants_0:=1:1
handicapped infants_0:=0:-1
handicapped infants_1:=1:2
handicapped infants_1:=0:-2
handicapped infants_2:=1:3
handicapped infants_2:=0:-3
water project cost sharing_0:=1:4
water project cost sharing_0:=0:-4
water project cost sharing_1:=1:5
water project cost sharing_1:=0:-5
water project cost sharing_2:=1:6
water project cost sharing_2:=0:-6
adoption of the budget resolution_0:=1:7
adoption of the budget resolution_0:=0:-7
adoption of the budget resolution_1:=1:8
adoption of the budget resolution_1:=0:-8
adoption of the budget resolution_2:=1:9
adoption of the budget resolution_2:=0:-9
physician fee freeze_0:=1:10
physician fee freeze_0:=0:-10
physician fee freeze_1:=1:11
physician fee freeze_1:=0:-11
physician fee freeze_2:=1:12
physician fee freeze_2:=0:-12
el salvador aid_0:=1:13
el salvador aid_0:=0:-13
el salvador aid_1:=1:14
el salvador aid_1:=0:-14
el salvador aid_2:=1:15
el salvador aid_2:=0:-15
religious groups in schools_0:=1:16
religious groups in schools_0:=0:-16
religious groups in schools_1:=1:17
religious groups in schools_1:=0:-17
religious groups in schools_2:=1:18
religious groups in schools_2:=0:-18
anti satellite test ban_0:=1:19
anti satellite test ban_0:=0:-19
anti satellite test ban_1:=1:20
anti satellite test ban_1:=0:-20
anti satellite test ban_2:=1:21
anti satellite test ban_2:=0:-21
aid to nicaraguan contras_0:=1:22
aid to nicaraguan contras_0:=0:-22
aid to nicaraguan contras_1:=1:23
aid to nicaraguan contras_1:=0:-23
aid to nicaraguan contras_2:=1:24
aid to nicaraguan contras_2:=0:-24
mx missile_0:=1:25
mx missile_0:=0:-25
mx missile_1:=1:26
mx missile_1:=0:-26
mx missile_2:=1:27
mx missile_2:=0:-27
immigration_0:=1:28
immigration_0:=0:-28
immigration_1:=1:29
immigration_1:=0:-29
immigration_2:=1:30
immigration_2:=0:-30
synfuels corporation cutback_0:=1:31
synfuels corporation cutback_0:=0:-31
synfuels corporation cutback_1:=1:32
synfuels corporation cutback_1:=0:-32
synfuels corporation cutback_2:=1:33
synfuels corporation cutback_2:=0:-33
education spending_0:=1:34
education spending_0:=0:-34
education spending_1:=1:35
education spending_1:=0:-35
education spending_2:=1:36
education spending_2:=0:-36
superfund right to sue_0:=1:37
superfund right to sue_0:=0:-37
superfund right to sue_1:=1:38
superfund right to sue_1:=0:-38
superfund right to sue_2:=1:39
superfund right to sue_2:=0:-39
crime_0:=1:40
crime_0:=0:-40
crime_1:=1:41
crime_1:=0:-41
crime_2:=1:42
crime_2:=0:-42
duty free exports_0:=1:43
duty free exports_0:=0:-43
duty free exports_1:=1:44
duty free exports_1:=0:-44
duty free exports_2:=1:45
duty free exports_2:=0:-45
export administration act south africa_0:=1:46
export administration act south africa_0:=0:-46
export administration act south africa_1:=1:47
export administration act south africa_1:=0:-47
export administration act south africa_2:=1:48
export administration act south africa_2:=0:-48